// Jest Snapshot v1, https://goo.gl/fbAQLP

exports[`<Input /> renders Input 1`] = `
<styled.input
  defaultValue="example value"
  name="example-input"
  type="text"
/>
`;
